rtsp_worker-1  | 2026-02-08T10:19:10.831137436Z Creating new Ultralytics Settings v0.0.6 file ✅
rtsp_worker-1  | 2026-02-08T10:19:10.831187900Z View Ultralytics Settings with 'yolo settings' or at '/root/.config/Ultralytics/settings.json'
rtsp_worker-1  | 2026-02-08T10:19:10.831194695Z Update Settings with 'yolo settings key=value', i.e. 'yolo settings runs_dir=path/to/dir'. For help see https://docs.ultralytics.com/quickstart/#ultralytics-settings.
rtsp_worker-1  | 2026-02-08T10:19:10.938313154Z [rtsp_worker] RTSP_URL=rtsp://192.168.2.102:8554/vorota
rtsp_worker-1  | 2026-02-08T10:19:10.938348457Z [rtsp_worker] INFER_URL=http://gatebox:8080/infer
rtsp_worker-1  | 2026-02-08T10:19:10.938353379Z [rtsp_worker] RTSP_FPS(legacy)=1.0 READ_FPS=4.0 DET_FPS=2.0 SEND_FPS=2.0
rtsp_worker-1  | 2026-02-08T10:19:10.938357197Z [rtsp_worker] ROI_STR='' OCR_CROP_MODE=yolo SEND_ON_NO_DET=0
rtsp_worker-1  | 2026-02-08T10:19:10.938360840Z [rtsp_worker] DET_MODEL_PATH=/models/license-plate-finetune-v1s.pt
rtsp_worker-1  | 2026-02-08T10:19:10.938364663Z [rtsp_worker] DET_CONF=0.35 DET_IOU=0.45 DET_IMG_SIZE=640 PAD=0.08
rtsp_worker-1  | 2026-02-08T10:19:10.938368334Z [rtsp_worker] MIN_PLATE_WxH=80x20
rtsp_worker-1  | 2026-02-08T10:19:10.938371860Z [rtsp_worker] TRACK_ENABLE=1 HOLD=1.0s ALPHA=0.65 IOU_MIN=0.1
rtsp_worker-1  | 2026-02-08T10:19:10.938375503Z [rtsp_worker] EVENT_MODE=on_plate_change CONFIRM_K=2 CONFIRM_WIN=1.8
rtsp_worker-1  | 2026-02-08T10:19:10.938389566Z [rtsp_worker] THROTTLE global=0.7s plate_resend=15.0s
rtsp_worker-1  | 2026-02-08T10:19:10.939184750Z [rtsp_worker] RECTIFY=0 RECTIFY_WxH=320x96
rtsp_worker-1  | 2026-02-08T10:19:10.939201483Z [rtsp_worker] SAVE_EVERY=0 SAVE_FULL_FRAME=0 SAVE_WITH_ROI=1
rtsp_worker-1  | 2026-02-08T10:19:10.939206171Z [rtsp_worker] FREEZE_ENABLE=1 THR=0.35 MAX_SEC=3.0 EVERY_N=3
rtsp_worker-1  | 2026-02-08T10:19:22.508135164Z [rtsp_worker] frame=2560x1440 ROI=(0, 0, 2560, 1440)
rtsp_worker-1  | 2026-02-08T10:19:26.127429831Z [W NNPACK.cpp:64] Could not initialize NNPACK! Reason: Unsupported hardware.
rtsp_worker-1  | 2026-02-08T10:19:27.447802439Z [rtsp_worker] alive: frame=2560x1440 roi=(0, 0, 2560, 1440) det=0 best=- track=0 track_new=0 sent=0 seen=- sent_plate=- grab_age_ms=6318.0
rtsp_worker-1  | 2026-02-08T10:19:30.084622262Z [rtsp_worker] alive: frame=2560x1440 roi=(0, 0, 2560, 1440) det=0 best=- track=0 track_new=0 sent=0 seen=- sent_plate=- grab_age_ms=174.2
rtsp_worker-1  | 2026-02-08T10:19:35.533897406Z [rtsp_worker] alive: frame=2560x1440 roi=(0, 0, 2560, 1440) det=0 best=- track=0 track_new=0 sent=0 seen=- sent_plate=- grab_age_ms=171.0
rtsp_worker-1  | 2026-02-08T10:19:40.634179249Z [rtsp_worker] alive: frame=2560x1440 roi=(0, 0, 2560, 1440) det=0 best=- track=0 track_new=0 sent=0 seen=- sent_plate=- grab_age_ms=45.9
rtsp_worker-1  | 2026-02-08T10:19:45.880441960Z [rtsp_worker] alive: frame=2560x1440 roi=(0, 0, 2560, 1440) det=0 best=- track=0 track_new=0 sent=0 seen=- sent_plate=- grab_age_ms=40.9
rtsp_worker-1  | 2026-02-08T10:19:51.229731361Z [rtsp_worker] alive: frame=2560x1440 roi=(0, 0, 2560, 1440) det=0 best=- track=0 track_new=0 sent=0 seen=- sent_plate=- grab_age_ms=141.5
rtsp_worker-1  | 2026-02-08T10:19:56.703078738Z [rtsp_worker] alive: frame=2560x1440 roi=(0, 0, 2560, 1440) det=0 best=- track=0 track_new=0 sent=0 seen=- sent_plate=- grab_age_ms=25.8
rtsp_worker-1  | 2026-02-08T10:19:58.123150844Z [rtsp_worker] WARN: grabber freeze (diff_mean=0.339) for 3.0s -> reopen
rtsp_worker-1  | 2026-02-08T10:20:04.828692035Z [rtsp_worker] alive: frame=2560x1440 roi=(0, 0, 2560, 1440) det=0 best=- track=0 track_new=0 sent=0 seen=- sent_plate=- grab_age_ms=5350.7
rtsp_worker-1  | 2026-02-08T10:20:10.136157285Z [rtsp_worker] alive: frame=2560x1440 roi=(0, 0, 2560, 1440) det=0 best=- track=0 track_new=0 sent=0 seen=- sent_plate=- grab_age_ms=98.9
rtsp_worker-1  | 2026-02-08T10:20:10.468674755Z [rtsp_worker] WARN: grabber freeze (diff_mean=0.233) for 3.0s -> reopen
rtsp_worker-1  | 2026-02-08T10:20:17.053645090Z [rtsp_worker] alive: frame=2560x1440 roi=(0, 0, 2560, 1440) det=0 best=- track=0 track_new=0 sent=0 seen=- sent_plate=- grab_age_ms=5323.2
rtsp_worker-1  | 2026-02-08T10:20:22.797744637Z [rtsp_worker] alive: frame=2560x1440 roi=(0, 0, 2560, 1440) det=0 best=- track=0 track_new=0 sent=0 seen=- sent_plate=- grab_age_ms=243.7
rtsp_worker-1  | 2026-02-08T10:20:24.362825938Z [rtsp_worker] WARN: grabber freeze (diff_mean=0.154) for 3.0s -> reopen
rtsp_worker-1  | 2026-02-08T10:20:31.218171320Z [rtsp_worker] alive: frame=2560x1440 roi=(0, 0, 2560, 1440) det=0 best=- track=0 track_new=0 sent=0 seen=- sent_plate=- grab_age_ms=5348.8
rtsp_worker-1  | 2026-02-08T10:20:36.522166265Z [rtsp_worker] alive: frame=2560x1440 roi=(0, 0, 2560, 1440) det=0 best=- track=0 track_new=0 sent=0 seen=- sent_plate=- grab_age_ms=126.4
rtsp_worker-1  | 2026-02-08T10:20:41.743935810Z [rtsp_worker] alive: frame=2560x1440 roi=(0, 0, 2560, 1440) det=0 best=- track=0 track_new=0 sent=0 seen=- sent_plate=- grab_age_ms=118.8
rtsp_worker-1  | 2026-02-08T10:20:47.094609216Z [rtsp_worker] alive: frame=2560x1440 roi=(0, 0, 2560, 1440) det=0 best=- track=0 track_new=0 sent=0 seen=- sent_plate=- grab_age_ms=169.2
rtsp_worker-1  | 2026-02-08T10:20:51.425244985Z [rtsp_worker] WARN: grabber freeze (diff_mean=0.312) for 3.0s -> reopen
rtsp_worker-1  | 2026-02-08T10:20:52.333098235Z [rtsp_worker] alive: frame=2560x1440 roi=(0, 0, 2560, 1440) det=0 best=- track=0 track_new=0 sent=0 seen=- sent_plate=- grab_age_ms=89.9
rtsp_worker-1  | 2026-02-08T10:20:58.086576958Z [rtsp_worker] alive: frame=2560x1440 roi=(0, 0, 2560, 1440) det=0 best=- track=0 track_new=0 sent=0 seen=- sent_plate=- grab_age_ms=5344.6
rtsp_worker-1  | 2026-02-08T10:21:04.235789517Z [rtsp_worker] alive: frame=2560x1440 roi=(0, 0, 2560, 1440) det=0 best=- track=0 track_new=0 sent=0 seen=- sent_plate=- grab_age_ms=290.9
rtsp_worker-1  | 2026-02-08T10:21:09.586573345Z [rtsp_worker] alive: frame=2560x1440 roi=(0, 0, 2560, 1440) det=0 best=- track=0 track_new=0 sent=0 seen=- sent_plate=- grab_age_ms=161.8
updater-1      | 2026-02-08T10:19:01.805085330Z [2026-02-08 10:19:01] updater starting on :9010 project=/project compose=/project/docker-compose.prod.yml project_name=lpr_gatebox fallback_build=False
gatebox-1      | 2026-02-08T10:19:02.688939918Z INFO:     Started server process [1]
gatebox-1      | 2026-02-08T10:19:02.689022118Z INFO:     Waiting for application startup.
gatebox-1      | 2026-02-08T10:19:02.689194819Z INFO:     Application startup complete.
gatebox-1      | 2026-02-08T10:19:02.689750055Z INFO:     Uvicorn running on http://0.0.0.0:8080 (Press CTRL+C to quit)
gatebox-1      | 2026-02-08T10:19:06.567864589Z INFO:     127.0.0.1:40456 - "GET /api/v1/health HTTP/1.1" 200 OK
gatebox-1      | 2026-02-08T10:19:16.956707948Z INFO:     127.0.0.1:47990 - "GET /api/v1/health HTTP/1.1" 200 OK
gatebox-1      | 2026-02-08T10:19:27.386881680Z INFO:     127.0.0.1:59882 - "GET /api/v1/health HTTP/1.1" 200 OK
gatebox-1      | 2026-02-08T10:19:27.446382329Z INFO:     172.19.0.4:35394 - "POST /api/rtsp/heartbeat HTTP/1.1" 200 OK
gatebox-1      | 2026-02-08T10:19:28.738399456Z INFO:     172.19.0.4:35400 - "POST /api/rtsp/heartbeat HTTP/1.1" 200 OK
gatebox-1      | 2026-02-08T10:19:30.082310381Z INFO:     172.19.0.4:35410 - "POST /api/rtsp/heartbeat HTTP/1.1" 200 OK
gatebox-1      | 2026-02-08T10:19:31.423716466Z INFO:     172.19.0.4:35420 - "POST /api/rtsp/heartbeat HTTP/1.1" 200 OK
gatebox-1      | 2026-02-08T10:19:32.794587265Z INFO:     172.19.0.4:47588 - "POST /api/rtsp/heartbeat HTTP/1.1" 200 OK
gatebox-1      | 2026-02-08T10:19:34.238115597Z INFO:     172.19.0.4:47604 - "POST /api/rtsp/heartbeat HTTP/1.1" 200 OK
gatebox-1      | 2026-02-08T10:19:35.532976471Z INFO:     172.19.0.4:47614 - "POST /api/rtsp/heartbeat HTTP/1.1" 200 OK
gatebox-1      | 2026-02-08T10:19:36.779745620Z INFO:     172.19.0.4:47620 - "POST /api/rtsp/heartbeat HTTP/1.1" 200 OK
gatebox-1      | 2026-02-08T10:19:37.883429306Z INFO:     127.0.0.1:45436 - "GET /api/v1/health HTTP/1.1" 200 OK
gatebox-1      | 2026-02-08T10:19:38.106138066Z INFO:     172.19.0.4:47628 - "POST /api/rtsp/heartbeat HTTP/1.1" 200 OK
gatebox-1      | 2026-02-08T10:19:39.368393297Z INFO:     172.19.0.4:47634 - "POST /api/rtsp/heartbeat HTTP/1.1" 200 OK
gatebox-1      | 2026-02-08T10:19:40.632483182Z INFO:     172.19.0.4:47646 - "POST /api/rtsp/heartbeat HTTP/1.1" 200 OK
gatebox-1      | 2026-02-08T10:19:41.961498666Z INFO:     172.19.0.4:47652 - "POST /api/rtsp/heartbeat HTTP/1.1" 200 OK
gatebox-1      | 2026-02-08T10:19:43.296105332Z INFO:     172.19.0.4:52878 - "POST /api/rtsp/heartbeat HTTP/1.1" 200 OK
gatebox-1      | 2026-02-08T10:19:44.616337109Z INFO:     172.19.0.4:52894 - "POST /api/rtsp/heartbeat HTTP/1.1" 200 OK
gatebox-1      | 2026-02-08T10:19:45.879605305Z INFO:     172.19.0.4:52910 - "POST /api/rtsp/heartbeat HTTP/1.1" 200 OK
gatebox-1      | 2026-02-08T10:19:47.148364273Z INFO:     172.19.0.4:52916 - "POST /api/rtsp/heartbeat HTTP/1.1" 200 OK
gatebox-1      | 2026-02-08T10:19:48.351455111Z INFO:     127.0.0.1:50306 - "GET /api/v1/health HTTP/1.1" 200 OK
gatebox-1      | 2026-02-08T10:19:48.478241232Z INFO:     172.19.0.4:52932 - "POST /api/rtsp/heartbeat HTTP/1.1" 200 OK
gatebox-1      | 2026-02-08T10:19:49.970172720Z INFO:     172.19.0.4:52940 - "POST /api/rtsp/heartbeat HTTP/1.1" 200 OK
gatebox-1      | 2026-02-08T10:19:51.228947512Z INFO:     172.19.0.4:52954 - "POST /api/rtsp/heartbeat HTTP/1.1" 200 OK
gatebox-1      | 2026-02-08T10:19:52.478780381Z INFO:     172.19.0.4:57192 - "POST /api/rtsp/heartbeat HTTP/1.1" 200 OK
gatebox-1      | 2026-02-08T10:19:53.979118510Z INFO:     172.19.0.4:57208 - "POST /api/rtsp/heartbeat HTTP/1.1" 200 OK
gatebox-1      | 2026-02-08T10:19:55.357813705Z INFO:     172.19.0.4:57220 - "POST /api/rtsp/heartbeat HTTP/1.1" 200 OK
gatebox-1      | 2026-02-08T10:19:56.702261316Z INFO:     172.19.0.4:57230 - "POST /api/rtsp/heartbeat HTTP/1.1" 200 OK
gatebox-1      | 2026-02-08T10:19:57.957706254Z INFO:     172.19.0.4:57240 - "POST /api/rtsp/heartbeat HTTP/1.1" 200 OK
gatebox-1      | 2026-02-08T10:19:58.772444587Z INFO:     127.0.0.1:40690 - "GET /api/v1/health HTTP/1.1" 200 OK
gatebox-1      | 2026-02-08T10:19:59.221676396Z INFO:     172.19.0.4:57254 - "POST /api/rtsp/heartbeat HTTP/1.1" 200 OK
gatebox-1      | 2026-02-08T10:20:04.827833274Z INFO:     172.19.0.4:51508 - "POST /api/rtsp/heartbeat HTTP/1.1" 200 OK
gatebox-1      | 2026-02-08T10:20:06.215103892Z INFO:     172.19.0.4:51522 - "POST /api/rtsp/heartbeat HTTP/1.1" 200 OK
gatebox-1      | 2026-02-08T10:20:07.506156656Z INFO:     172.19.0.4:51530 - "POST /api/rtsp/heartbeat HTTP/1.1" 200 OK
gatebox-1      | 2026-02-08T10:20:08.780381001Z INFO:     172.19.0.4:51544 - "POST /api/rtsp/heartbeat HTTP/1.1" 200 OK
gatebox-1      | 2026-02-08T10:20:09.175470229Z INFO:     127.0.0.1:44868 - "GET /api/v1/health HTTP/1.1" 200 OK
gatebox-1      | 2026-02-08T10:20:10.134308996Z INFO:     172.19.0.4:51554 - "POST /api/rtsp/heartbeat HTTP/1.1" 200 OK
gatebox-1      | 2026-02-08T10:20:11.410999043Z INFO:     172.19.0.4:51566 - "POST /api/rtsp/heartbeat HTTP/1.1" 200 OK
gatebox-1      | 2026-02-08T10:20:12.679991111Z INFO:     172.19.0.4:40540 - "POST /api/rtsp/heartbeat HTTP/1.1" 200 OK
gatebox-1      | 2026-02-08T10:20:17.052947951Z INFO:     172.19.0.4:40546 - "POST /api/rtsp/heartbeat HTTP/1.1" 200 OK
gatebox-1      | 2026-02-08T10:20:19.557778864Z INFO:     127.0.0.1:50184 - "GET /api/v1/health HTTP/1.1" 200 OK
gatebox-1      | 2026-02-08T10:20:21.569876692Z INFO:     172.19.0.4:40556 - "POST /api/rtsp/heartbeat HTTP/1.1" 200 OK
gatebox-1      | 2026-02-08T10:20:22.796946534Z INFO:     172.19.0.4:43974 - "POST /api/rtsp/heartbeat HTTP/1.1" 200 OK
gatebox-1      | 2026-02-08T10:20:24.087056962Z INFO:     172.19.0.4:43980 - "POST /api/rtsp/heartbeat HTTP/1.1" 200 OK
gatebox-1      | 2026-02-08T10:20:25.375472250Z INFO:     172.19.0.4:43982 - "POST /api/rtsp/heartbeat HTTP/1.1" 200 OK
gatebox-1      | 2026-02-08T10:20:26.757173724Z INFO:     172.19.0.4:43984 - "POST /api/rtsp/heartbeat HTTP/1.1" 200 OK
gatebox-1      | 2026-02-08T10:20:29.990530975Z INFO:     127.0.0.1:42446 - "GET /api/v1/health HTTP/1.1" 200 OK
gatebox-1      | 2026-02-08T10:20:31.217196636Z INFO:     172.19.0.4:43988 - "POST /api/rtsp/heartbeat HTTP/1.1" 200 OK
gatebox-1      | 2026-02-08T10:20:32.624727738Z INFO:     172.19.0.4:38716 - "POST /api/rtsp/heartbeat HTTP/1.1" 200 OK
gatebox-1      | 2026-02-08T10:20:33.970907663Z INFO:     172.19.0.4:38732 - "POST /api/rtsp/heartbeat HTTP/1.1" 200 OK
gatebox-1      | 2026-02-08T10:20:35.236225289Z INFO:     172.19.0.4:38744 - "POST /api/rtsp/heartbeat HTTP/1.1" 200 OK
gatebox-1      | 2026-02-08T10:20:36.521416574Z INFO:     172.19.0.4:38746 - "POST /api/rtsp/heartbeat HTTP/1.1" 200 OK
gatebox-1      | 2026-02-08T10:20:37.796383359Z INFO:     172.19.0.4:38748 - "POST /api/rtsp/heartbeat HTTP/1.1" 200 OK
gatebox-1      | 2026-02-08T10:20:39.061839268Z INFO:     172.19.0.4:38756 - "POST /api/rtsp/heartbeat HTTP/1.1" 200 OK
gatebox-1      | 2026-02-08T10:20:40.385530598Z INFO:     127.0.0.1:38226 - "GET /api/v1/health HTTP/1.1" 200 OK
gatebox-1      | 2026-02-08T10:20:40.486329800Z INFO:     172.19.0.4:38762 - "POST /api/rtsp/heartbeat HTTP/1.1" 200 OK
gatebox-1      | 2026-02-08T10:20:41.743174455Z INFO:     172.19.0.4:38764 - "POST /api/rtsp/heartbeat HTTP/1.1" 200 OK
gatebox-1      | 2026-02-08T10:20:43.057848952Z INFO:     172.19.0.4:37480 - "POST /api/rtsp/heartbeat HTTP/1.1" 200 OK
gatebox-1      | 2026-02-08T10:20:44.415164718Z INFO:     172.19.0.4:37486 - "POST /api/rtsp/heartbeat HTTP/1.1" 200 OK
gatebox-1      | 2026-02-08T10:20:45.791009903Z INFO:     172.19.0.4:37488 - "POST /api/rtsp/heartbeat HTTP/1.1" 200 OK
gatebox-1      | 2026-02-08T10:20:47.093471531Z INFO:     172.19.0.4:37494 - "POST /api/rtsp/heartbeat HTTP/1.1" 200 OK
gatebox-1      | 2026-02-08T10:20:48.415203083Z INFO:     172.19.0.4:37510 - "POST /api/rtsp/heartbeat HTTP/1.1" 200 OK
gatebox-1      | 2026-02-08T10:20:49.705520234Z INFO:     172.19.0.4:37518 - "POST /api/rtsp/heartbeat HTTP/1.1" 200 OK
gatebox-1      | 2026-02-08T10:20:50.789543446Z INFO:     127.0.0.1:50294 - "GET /api/v1/health HTTP/1.1" 200 OK
gatebox-1      | 2026-02-08T10:20:50.964494293Z INFO:     172.19.0.4:37532 - "POST /api/rtsp/heartbeat HTTP/1.1" 200 OK
gatebox-1      | 2026-02-08T10:20:52.332054279Z INFO:     172.19.0.4:52372 - "POST /api/rtsp/heartbeat HTTP/1.1" 200 OK
gatebox-1      | 2026-02-08T10:20:53.672510519Z INFO:     172.19.0.4:52386 - "POST /api/rtsp/heartbeat HTTP/1.1" 200 OK
gatebox-1      | 2026-02-08T10:20:58.085758448Z INFO:     172.19.0.4:52396 - "POST /api/rtsp/heartbeat HTTP/1.1" 200 OK
gatebox-1      | 2026-02-08T10:21:01.174295602Z INFO:     127.0.0.1:58806 - "GET /api/v1/health HTTP/1.1" 200 OK
gatebox-1      | 2026-02-08T10:21:02.940675094Z INFO:     172.19.0.4:50192 - "POST /api/rtsp/heartbeat HTTP/1.1" 200 OK
gatebox-1      | 2026-02-08T10:21:04.234799114Z INFO:     172.19.0.4:50198 - "POST /api/rtsp/heartbeat HTTP/1.1" 200 OK
gatebox-1      | 2026-02-08T10:21:05.716928723Z INFO:     172.19.0.4:50206 - "POST /api/rtsp/heartbeat HTTP/1.1" 200 OK
gatebox-1      | 2026-02-08T10:21:06.983676166Z INFO:     172.19.0.4:50208 - "POST /api/rtsp/heartbeat HTTP/1.1" 200 OK
gatebox-1      | 2026-02-08T10:21:08.314314405Z INFO:     172.19.0.4:50214 - "POST /api/rtsp/heartbeat HTTP/1.1" 200 OK
gatebox-1      | 2026-02-08T10:21:09.585394941Z INFO:     172.19.0.4:50222 - "POST /api/rtsp/heartbeat HTTP/1.1" 200 OK
gatebox-1      | 2026-02-08T10:21:10.870456953Z INFO:     172.19.0.4:50230 - "POST /api/rtsp/heartbeat HTTP/1.1" 200 OK
gatebox-1      | 2026-02-08T10:21:11.555466863Z INFO:     127.0.0.1:49456 - "GET /api/v1/health HTTP/1.1" 200 OK
gatebox-1      | 2026-02-08T10:21:12.337798859Z INFO:     172.19.0.4:53620 - "POST /api/rtsp/heartbeat HTTP/1.1" 200 OK
gatebox-1      | 2026-02-08T10:21:13.618333745Z INFO:     172.19.0.4:53632 - "POST /api/rtsp/heartbeat HTTP/1.1" 200 OK
gatebox-1      | 2026-02-08T10:21:14.994159845Z INFO:     172.19.0.4:53636 - "POST /api/rtsp/heartbeat HTTP/1.1" 200 OK
rtsp_worker-1  | 2026-02-08T10:21:14.995211071Z [rtsp_worker] alive: frame=2560x1440 roi=(0, 0, 2560, 1440) det=0 best=- track=0 track_new=0 sent=0 seen=- sent_plate=- grab_age_ms=210.6
gatebox-1      | 2026-02-08T10:21:16.329510442Z INFO:     172.19.0.4:53642 - "POST /api/rtsp/heartbeat HTTP/1.1" 200 OK
gatebox-1      | 2026-02-08T10:21:17.575668050Z INFO:     172.19.0.4:53650 - "POST /api/rtsp/heartbeat HTTP/1.1" 200 OK
gatebox-1      | 2026-02-08T10:21:18.857227724Z INFO:     172.19.0.4:53664 - "POST /api/rtsp/heartbeat HTTP/1.1" 200 OK
gatebox-1      | 2026-02-08T10:21:20.138698836Z INFO:     172.19.0.4:53666 - "POST /api/rtsp/heartbeat HTTP/1.1" 200 OK
rtsp_worker-1  | 2026-02-08T10:21:20.139653458Z [rtsp_worker] alive: frame=2560x1440 roi=(0, 0, 2560, 1440) det=0 best=- track=0 track_new=0 sent=0 seen=- sent_plate=- grab_age_ms=196.7
gatebox-1      | 2026-02-08T10:21:21.403572759Z INFO:     172.19.0.4:53676 - "POST /api/rtsp/heartbeat HTTP/1.1" 200 OK
gatebox-1      | 2026-02-08T10:21:21.936722640Z INFO:     127.0.0.1:50976 - "GET /api/v1/health HTTP/1.1" 200 OK
gatebox-1      | 2026-02-08T10:21:22.743674110Z INFO:     172.19.0.4:51466 - "POST /api/rtsp/heartbeat HTTP/1.1" 200 OK
gatebox-1      | 2026-02-08T10:21:24.080357168Z INFO:     172.19.0.4:51470 - "POST /api/rtsp/heartbeat HTTP/1.1" 200 OK
gatebox-1      | 2026-02-08T10:21:25.447677340Z INFO:     172.19.0.4:51476 - "POST /api/rtsp/heartbeat HTTP/1.1" 200 OK
rtsp_worker-1  | 2026-02-08T10:21:25.449019799Z [rtsp_worker] alive: frame=2560x1440 roi=(0, 0, 2560, 1440) det=0 best=- track=0 track_new=0 sent=0 seen=- sent_plate=- grab_age_ms=165.1
gatebox-1      | 2026-02-08T10:21:26.234755022Z INFO:     192.168.2.109:62734 - "GET / HTTP/1.1" 200 OK
gatebox-1      | 2026-02-08T10:21:26.265020190Z INFO:     192.168.2.109:51001 - "GET /assets/index-D7nwcyhV.css HTTP/1.1" 200 OK
gatebox-1      | 2026-02-08T10:21:26.266400553Z INFO:     192.168.2.109:62734 - "GET /assets/index-DVWBrrl8.js HTTP/1.1" 200 OK
gatebox-1      | 2026-02-08T10:21:26.289901288Z INFO:     192.168.2.109:62734 - "GET /api/v1/rtsp/frame.jpg?ts=1770546084614 HTTP/1.1" 200 OK
gatebox-1      | 2026-02-08T10:21:26.313610248Z INFO:     192.168.2.109:51001 - "GET /api/v1/rtsp/status HTTP/1.1" 200 OK
gatebox-1      | 2026-02-08T10:21:26.314734014Z INFO:     192.168.2.109:62734 - "GET /api/v1/events?limit=40 HTTP/1.1" 200 OK
gatebox-1      | 2026-02-08T10:21:26.339064220Z INFO:     192.168.2.109:62734 - "GET /api/v1/events/stream HTTP/1.1" 200 OK
gatebox-1      | 2026-02-08T10:21:26.340712088Z INFO:     192.168.2.109:51001 - "GET /api/v1/rtsp/frame.jpg?ts=1770546084639 HTTP/1.1" 200 OK
gatebox-1      | 2026-02-08T10:21:26.350332327Z INFO:     192.168.2.109:61872 - "GET /vite.svg HTTP/1.1" 200 OK
gatebox-1      | 2026-02-08T10:21:26.869962971Z INFO:     172.19.0.4:51480 - "POST /api/rtsp/heartbeat HTTP/1.1" 200 OK
gatebox-1      | 2026-02-08T10:21:27.294026591Z INFO:     192.168.2.109:61872 - "GET /api/v1/health HTTP/1.1" 200 OK
gatebox-1      | 2026-02-08T10:21:28.211163149Z INFO:     172.19.0.4:51484 - "POST /api/rtsp/heartbeat HTTP/1.1" 200 OK
gatebox-1      | 2026-02-08T10:21:29.565995828Z INFO:     172.19.0.4:51490 - "POST /api/rtsp/heartbeat HTTP/1.1" 200 OK
updater-1      | 2026-02-08T10:21:30.077390804Z 172.19.0.2 - - [08/Feb/2026 10:21:30] "GET /metrics HTTP/1.1" 200 -
updater-1      | 2026-02-08T10:21:30.078340838Z 172.19.0.2 - - [08/Feb/2026 10:21:30] "GET /status HTTP/1.1" 200 -
updater-1      | 2026-02-08T10:21:30.079298783Z 172.19.0.2 - - [08/Feb/2026 10:21:30] "POST /check HTTP/1.1" 200 -
gatebox-1      | 2026-02-08T10:21:30.082441402Z INFO:     192.168.2.109:51001 - "GET /api/v1/system/metrics HTTP/1.1" 200 OK
gatebox-1      | 2026-02-08T10:21:30.083362511Z INFO:     192.168.2.109:49452 - "GET /api/v1/update/status HTTP/1.1" 200 OK
gatebox-1      | 2026-02-08T10:21:30.084101778Z INFO:     192.168.2.109:61872 - "POST /api/v1/update/check HTTP/1.1" 200 OK
updater-1      | 2026-02-08T10:21:30.098608172Z 172.19.0.2 - - [08/Feb/2026 10:21:30] "GET /log HTTP/1.1" 200 -
updater-1      | 2026-02-08T10:21:30.099740191Z 172.19.0.2 - - [08/Feb/2026 10:21:30] "GET /status HTTP/1.1" 200 -
gatebox-1      | 2026-02-08T10:21:30.101390576Z INFO:     192.168.2.109:61872 - "GET /api/v1/update/log HTTP/1.1" 200 OK
gatebox-1      | 2026-02-08T10:21:30.102875945Z INFO:     192.168.2.109:49452 - "GET /api/v1/update/status HTTP/1.1" 200 OK
updater-1      | 2026-02-08T10:21:30.110308751Z 172.19.0.2 - - [08/Feb/2026 10:21:30] "GET /log HTTP/1.1" 200 -
gatebox-1      | 2026-02-08T10:21:30.112243769Z INFO:     192.168.2.109:49452 - "GET /api/v1/update/log HTTP/1.1" 200 OK
gatebox-1      | 2026-02-08T10:21:30.984595111Z INFO:     172.19.0.4:51502 - "POST /api/rtsp/heartbeat HTTP/1.1" 200 OK
rtsp_worker-1  | 2026-02-08T10:21:30.985582657Z [rtsp_worker] alive: frame=2560x1440 roi=(0, 0, 2560, 1440) det=0 best=- track=0 track_new=0 sent=0 seen=- sent_plate=- grab_age_ms=147.7
gatebox-1      | 2026-02-08T10:21:32.297300750Z INFO:     192.168.2.109:49452 - "GET /api/v1/health HTTP/1.1" 200 OK
gatebox-1      | 2026-02-08T10:21:32.373821503Z INFO:     172.19.0.4:50416 - "POST /api/rtsp/heartbeat HTTP/1.1" 200 OK
gatebox-1      | 2026-02-08T10:21:32.387094435Z INFO:     127.0.0.1:48900 - "GET /api/v1/health HTTP/1.1" 200 OK
gatebox-1      | 2026-02-08T10:21:33.599509080Z INFO:     192.168.2.109:52553 - "GET /api/v1/health HTTP/1.1" 200 OK
gatebox-1      | 2026-02-08T10:21:33.708605931Z INFO:     172.19.0.4:50430 - "POST /api/rtsp/heartbeat HTTP/1.1" 200 OK
gatebox-1      | 2026-02-08T10:21:34.981639513Z INFO:     172.19.0.4:50432 - "POST /api/rtsp/heartbeat HTTP/1.1" 200 OK
updater-1      | 2026-02-08T10:21:35.083232998Z 172.19.0.2 - - [08/Feb/2026 10:21:35] "GET /metrics HTTP/1.1" 200 -
updater-1      | 2026-02-08T10:21:35.083289470Z 172.19.0.2 - - [08/Feb/2026 10:21:35] "GET /status HTTP/1.1" 200 -
updater-1      | 2026-02-08T10:21:35.085184277Z 172.19.0.2 - - [08/Feb/2026 10:21:35] "GET /log HTTP/1.1" 200 -
gatebox-1      | 2026-02-08T10:21:35.086251677Z INFO:     192.168.2.109:51001 - "GET /api/v1/update/status HTTP/1.1" 200 OK
gatebox-1      | 2026-02-08T10:21:35.089405095Z INFO:     192.168.2.109:61872 - "GET /api/v1/system/metrics HTTP/1.1" 200 OK
gatebox-1      | 2026-02-08T10:21:35.090327845Z INFO:     192.168.2.109:49452 - "GET /api/v1/update/log HTTP/1.1" 200 OK
gatebox-1      | 2026-02-08T10:21:36.320895027Z INFO:     172.19.0.4:50444 - "POST /api/rtsp/heartbeat HTTP/1.1" 200 OK
rtsp_worker-1  | 2026-02-08T10:21:36.321895263Z [rtsp_worker] alive: frame=2560x1440 roi=(0, 0, 2560, 1440) det=0 best=- track=0 track_new=0 sent=0 seen=- sent_plate=- grab_age_ms=57.7
updater-1      | 2026-02-08T10:21:37.100129183Z 172.19.0.2 - - [08/Feb/2026 10:21:37] "GET /metrics HTTP/1.1" 200 -
updater-1      | 2026-02-08T10:21:37.100168343Z 172.19.0.2 - - [08/Feb/2026 10:21:37] "GET /status HTTP/1.1" 200 -
updater-1      | 2026-02-08T10:21:37.100175474Z 172.19.0.2 - - [08/Feb/2026 10:21:37] "GET /log HTTP/1.1" 200 -
gatebox-1      | 2026-02-08T10:21:37.103305249Z INFO:     192.168.2.109:61872 - "GET /api/v1/update/log HTTP/1.1" 200 OK
gatebox-1      | 2026-02-08T10:21:37.104528188Z INFO:     192.168.2.109:65183 - "GET /api/v1/update/status HTTP/1.1" 200 OK
gatebox-1      | 2026-02-08T10:21:37.104543942Z INFO:     192.168.2.109:50803 - "GET /api/v1/system/metrics HTTP/1.1" 200 OK
updater-1      | 2026-02-08T10:21:37.112789065Z 172.19.0.2 - - [08/Feb/2026 10:21:37] "GET /log HTTP/1.1" 200 -
gatebox-1      | 2026-02-08T10:21:37.114744108Z INFO:     192.168.2.109:50803 - "GET /api/v1/update/log HTTP/1.1" 200 OK
gatebox-1      | 2026-02-08T10:21:37.298728523Z INFO:     192.168.2.109:50803 - "GET /api/v1/health HTTP/1.1" 200 OK
updater-1      | 2026-02-08T10:21:37.302222995Z 172.19.0.2 - - [08/Feb/2026 10:21:37] "GET /status HTTP/1.1" 200 -
gatebox-1      | 2026-02-08T10:21:37.304448419Z INFO:     192.168.2.109:61872 - "GET /api/v1/update/status HTTP/1.1" 200 OK
gatebox-1      | 2026-02-08T10:21:37.594035513Z INFO:     172.19.0.4:50454 - "POST /api/rtsp/heartbeat HTTP/1.1" 200 OK
gatebox-1      | 2026-02-08T10:21:38.853724895Z INFO:     172.19.0.4:50462 - "POST /api/rtsp/heartbeat HTTP/1.1" 200 OK
updater-1      | 2026-02-08T10:21:39.122803703Z 172.19.0.2 - - [08/Feb/2026 10:21:39] "GET /metrics HTTP/1.1" 200 -
gatebox-1      | 2026-02-08T10:21:39.125342434Z INFO:     192.168.2.109:65183 - "GET /api/v1/system/metrics HTTP/1.1" 200 OK
updater-1      | 2026-02-08T10:21:39.132492873Z 172.19.0.2 - - [08/Feb/2026 10:21:39] "GET /log HTTP/1.1" 200 -
gatebox-1      | 2026-02-08T10:21:39.134565998Z INFO:     192.168.2.109:65183 - "GET /api/v1/update/log HTTP/1.1" 200 OK
gatebox-1      | 2026-02-08T10:21:40.140874458Z INFO:     172.19.0.4:50476 - "POST /api/rtsp/heartbeat HTTP/1.1" 200 OK
gatebox-1      | 2026-02-08T10:21:41.394145838Z INFO:     172.19.0.4:50486 - "POST /api/rtsp/heartbeat HTTP/1.1" 200 OK
rtsp_worker-1  | 2026-02-08T10:21:41.395335758Z [rtsp_worker] alive: frame=2560x1440 roi=(0, 0, 2560, 1440) det=0 best=- track=0 track_new=0 sent=0 seen=- sent_plate=- grab_age_ms=214.2
gatebox-1      | 2026-02-08T10:21:42.294118658Z INFO:     192.168.2.109:65183 - "GET /api/v1/health HTTP/1.1" 200 OK
updater-1      | 2026-02-08T10:21:42.294914272Z 172.19.0.2 - - [08/Feb/2026 10:21:42] "GET /status HTTP/1.1" 200 -
gatebox-1      | 2026-02-08T10:21:42.297071235Z INFO:     192.168.2.109:50803 - "GET /api/v1/update/status HTTP/1.1" 200 OK
gatebox-1      | 2026-02-08T10:21:42.744547237Z INFO:     172.19.0.4:59786 - "POST /api/rtsp/heartbeat HTTP/1.1" 200 OK
gatebox-1      | 2026-02-08T10:21:42.860758791Z INFO:     127.0.0.1:34418 - "GET /api/v1/health HTTP/1.1" 200 OK
gatebox-1      | 2026-02-08T10:21:44.181912294Z INFO:     172.19.0.4:59788 - "POST /api/rtsp/heartbeat HTTP/1.1" 200 OK
updater-1      | 2026-02-08T10:21:45.088496437Z 172.19.0.2 - - [08/Feb/2026 10:21:45] "GET /metrics HTTP/1.1" 200 -
gatebox-1      | 2026-02-08T10:21:45.090681858Z INFO:     192.168.2.109:61872 - "GET /api/v1/system/metrics HTTP/1.1" 200 OK
updater-1      | 2026-02-08T10:21:45.098507665Z 172.19.0.2 - - [08/Feb/2026 10:21:45] "GET /log HTTP/1.1" 200 -
gatebox-1      | 2026-02-08T10:21:45.100198069Z INFO:     192.168.2.109:61872 - "GET /api/v1/update/log HTTP/1.1" 200 OK
gatebox-1      | 2026-02-08T10:21:45.528098557Z INFO:     172.19.0.4:59796 - "POST /api/rtsp/heartbeat HTTP/1.1" 200 OK
gatebox-1      | 2026-02-08T10:21:46.795664177Z INFO:     172.19.0.4:59806 - "POST /api/rtsp/heartbeat HTTP/1.1" 200 OK
rtsp_worker-1  | 2026-02-08T10:21:46.796624638Z [rtsp_worker] alive: frame=2560x1440 roi=(0, 0, 2560, 1440) det=0 best=- track=0 track_new=0 sent=0 seen=- sent_plate=- grab_age_ms=95.8
gatebox-1      | 2026-02-08T10:21:47.306145129Z INFO:     192.168.2.109:61872 - "GET /api/v1/health HTTP/1.1" 200 OK
updater-1      | 2026-02-08T10:21:47.309186135Z 172.19.0.2 - - [08/Feb/2026 10:21:47] "GET /status HTTP/1.1" 200 -
gatebox-1      | 2026-02-08T10:21:47.311081895Z INFO:     192.168.2.109:51433 - "GET /api/v1/update/status HTTP/1.1" 200 OK
gatebox-1      | 2026-02-08T10:21:48.090546631Z INFO:     172.19.0.4:59818 - "POST /api/rtsp/heartbeat HTTP/1.1" 200 OK
gatebox-1      | 2026-02-08T10:21:49.458480388Z INFO:     172.19.0.4:59826 - "POST /api/rtsp/heartbeat HTTP/1.1" 200 OK
updater-1      | 2026-02-08T10:21:50.091353433Z 172.19.0.2 - - [08/Feb/2026 10:21:50] "GET /metrics HTTP/1.1" 200 -
gatebox-1      | 2026-02-08T10:21:50.091879356Z INFO:     192.168.2.109:54888 - "GET /api/v1/system/metrics HTTP/1.1" 200 OK
updater-1      | 2026-02-08T10:21:50.098870655Z 172.19.0.2 - - [08/Feb/2026 10:21:50] "GET /log HTTP/1.1" 200 -
gatebox-1      | 2026-02-08T10:21:50.100537601Z INFO:     192.168.2.109:54888 - "GET /api/v1/update/log HTTP/1.1" 200 OK
gatebox-1      | 2026-02-08T10:21:50.708539160Z INFO:     172.19.0.4:59832 - "POST /api/rtsp/heartbeat HTTP/1.1" 200 OK
gatebox-1      | 2026-02-08T10:21:51.963569326Z INFO:     172.19.0.4:59834 - "POST /api/rtsp/heartbeat HTTP/1.1" 200 OK
rtsp_worker-1  | 2026-02-08T10:21:51.964630630Z [rtsp_worker] alive: frame=2560x1440 roi=(0, 0, 2560, 1440) det=0 best=- track=0 track_new=0 sent=0 seen=- sent_plate=- grab_age_ms=22.5
gatebox-1      | 2026-02-08T10:21:52.305605152Z INFO:     192.168.2.109:54888 - "GET /api/v1/health HTTP/1.1" 200 OK
gatebox-1      | 2026-02-08T10:21:53.282229779Z INFO:     172.19.0.4:39094 - "POST /api/rtsp/heartbeat HTTP/1.1" 200 OK
gatebox-1      | 2026-02-08T10:21:53.286126215Z INFO:     127.0.0.1:37124 - "GET /api/v1/health HTTP/1.1" 200 OK
gatebox-1      | 2026-02-08T10:21:54.549265178Z INFO:     172.19.0.4:39104 - "POST /api/rtsp/heartbeat HTTP/1.1" 200 OK
updater-1      | 2026-02-08T10:21:55.076917173Z 172.19.0.2 - - [08/Feb/2026 10:21:55] "GET /metrics HTTP/1.1" 200 -
updater-1      | 2026-02-08T10:21:55.077549901Z 172.19.0.2 - - [08/Feb/2026 10:21:55] "GET /status HTTP/1.1" 200 -
gatebox-1      | 2026-02-08T10:21:55.080452118Z INFO:     192.168.2.109:61872 - "GET /api/v1/update/status HTTP/1.1" 200 OK
gatebox-1      | 2026-02-08T10:21:55.081395538Z INFO:     192.168.2.109:51433 - "GET /api/v1/system/metrics HTTP/1.1" 200 OK
updater-1      | 2026-02-08T10:21:55.095815487Z 172.19.0.2 - - [08/Feb/2026 10:21:55] "GET /log HTTP/1.1" 200 -
gatebox-1      | 2026-02-08T10:21:55.097633267Z INFO:     192.168.2.109:51433 - "GET /api/v1/update/log HTTP/1.1" 200 OK
gatebox-1      | 2026-02-08T10:21:55.832815033Z INFO:     172.19.0.4:39106 - "POST /api/rtsp/heartbeat HTTP/1.1" 200 OK
gatebox-1      | 2026-02-08T10:21:57.104432241Z INFO:     172.19.0.4:39112 - "POST /api/rtsp/heartbeat HTTP/1.1" 200 OK
rtsp_worker-1  | 2026-02-08T10:21:57.105719980Z [rtsp_worker] alive: frame=2560x1440 roi=(0, 0, 2560, 1440) det=0 best=- track=0 track_new=0 sent=0 seen=- sent_plate=- grab_age_ms=144.4
gatebox-1      | 2026-02-08T10:21:57.298157596Z INFO:     192.168.2.109:51433 - "GET /api/v1/health HTTP/1.1" 200 OK
updater-1      | 2026-02-08T10:21:57.300773169Z 172.19.0.2 - - [08/Feb/2026 10:21:57] "GET /status HTTP/1.1" 200 -
gatebox-1      | 2026-02-08T10:21:57.301499576Z INFO:     192.168.2.109:54888 - "GET /api/v1/update/status HTTP/1.1" 200 OK
gatebox-1      | 2026-02-08T10:21:58.490870623Z INFO:     172.19.0.4:39128 - "POST /api/rtsp/heartbeat HTTP/1.1" 200 OK
gatebox-1      | 2026-02-08T10:21:59.812706823Z INFO:     172.19.0.4:39138 - "POST /api/rtsp/heartbeat HTTP/1.1" 200 OK
updater-1      | 2026-02-08T10:22:00.073384734Z 172.19.0.2 - - [08/Feb/2026 10:22:00] "GET /metrics HTTP/1.1" 200 -
gatebox-1      | 2026-02-08T10:22:00.075839644Z INFO:     192.168.2.109:61872 - "GET /api/v1/system/metrics HTTP/1.1" 200 OK
updater-1      | 2026-02-08T10:22:00.083256754Z 172.19.0.2 - - [08/Feb/2026 10:22:00] "GET /log HTTP/1.1" 200 -
gatebox-1      | 2026-02-08T10:22:00.084928514Z INFO:     192.168.2.109:61872 - "GET /api/v1/update/log HTTP/1.1" 200 OK
gatebox-1      | 2026-02-08T10:22:01.168941750Z INFO:     172.19.0.4:39154 - "POST /api/rtsp/heartbeat HTTP/1.1" 200 OK
gatebox-1      | 2026-02-08T10:22:02.299216676Z INFO:     192.168.2.109:61872 - "GET /api/v1/health HTTP/1.1" 200 OK
updater-1      | 2026-02-08T10:22:02.301096443Z 172.19.0.2 - - [08/Feb/2026 10:22:02] "GET /status HTTP/1.1" 200 -
gatebox-1      | 2026-02-08T10:22:02.303513828Z INFO:     192.168.2.109:51433 - "GET /api/v1/update/status HTTP/1.1" 200 OK
gatebox-1      | 2026-02-08T10:22:02.456713648Z INFO:     172.19.0.4:57238 - "POST /api/rtsp/heartbeat HTTP/1.1" 200 OK
rtsp_worker-1  | 2026-02-08T10:22:02.460099192Z [rtsp_worker] alive: frame=2560x1440 roi=(0, 0, 2560, 1440) det=0 best=- track=0 track_new=0 sent=0 seen=- sent_plate=- grab_age_ms=227.7
gatebox-1      | 2026-02-08T10:22:03.675021259Z INFO:     127.0.0.1:51374 - "GET /api/v1/health HTTP/1.1" 200 OK
gatebox-1      | 2026-02-08T10:22:03.809498306Z INFO:     172.19.0.4:57240 - "POST /api/rtsp/heartbeat HTTP/1.1" 200 OK
updater-1      | 2026-02-08T10:22:05.067101577Z 172.19.0.2 - - [08/Feb/2026 10:22:05] "GET /metrics HTTP/1.1" 200 -
gatebox-1      | 2026-02-08T10:22:05.069882473Z INFO:     192.168.2.109:54888 - "GET /api/v1/system/metrics HTTP/1.1" 200 OK
updater-1      | 2026-02-08T10:22:05.077010374Z 172.19.0.2 - - [08/Feb/2026 10:22:05] "GET /log HTTP/1.1" 200 -
gatebox-1      | 2026-02-08T10:22:05.078208120Z INFO:     192.168.2.109:54888 - "GET /api/v1/update/log HTTP/1.1" 200 OK
gatebox-1      | 2026-02-08T10:22:05.157276669Z INFO:     172.19.0.4:57244 - "POST /api/rtsp/heartbeat HTTP/1.1" 200 OK
rtsp_worker-1  | 2026-02-08T10:22:05.732724934Z [rtsp_worker] WARN: grabber freeze (diff_mean=0.150) for 3.0s -> reopen
gatebox-1      | 2026-02-08T10:22:06.464480697Z INFO:     172.19.0.4:57250 - "POST /api/rtsp/heartbeat HTTP/1.1" 200 OK
gatebox-1      | 2026-02-08T10:22:07.298331009Z INFO:     192.168.2.109:54888 - "GET /api/v1/health HTTP/1.1" 200 OK
updater-1      | 2026-02-08T10:22:07.300302894Z 172.19.0.2 - - [08/Feb/2026 10:22:07] "GET /status HTTP/1.1" 200 -
gatebox-1      | 2026-02-08T10:22:07.303075074Z INFO:     192.168.2.109:61872 - "GET /api/v1/update/status HTTP/1.1" 200 OK
gatebox-1      | 2026-02-08T10:22:07.770207204Z INFO:     172.19.0.4:57256 - "POST /api/rtsp/heartbeat HTTP/1.1" 200 OK
rtsp_worker-1  | 2026-02-08T10:22:07.771078325Z [rtsp_worker] alive: frame=2560x1440 roi=(0, 0, 2560, 1440) det=0 best=- track=0 track_new=0 sent=0 seen=- sent_plate=- grab_age_ms=1020.3
updater-1      | 2026-02-08T10:22:10.059018325Z 172.19.0.2 - - [08/Feb/2026 10:22:10] "GET /metrics HTTP/1.1" 200 -
gatebox-1      | 2026-02-08T10:22:10.061400964Z INFO:     192.168.2.109:51433 - "GET /api/v1/system/metrics HTTP/1.1" 200 OK
updater-1      | 2026-02-08T10:22:10.067600542Z 172.19.0.2 - - [08/Feb/2026 10:22:10] "GET /log HTTP/1.1" 200 -
gatebox-1      | 2026-02-08T10:22:10.069239621Z INFO:     192.168.2.109:51433 - "GET /api/v1/update/log HTTP/1.1" 200 OK
gatebox-1      | 2026-02-08T10:22:11.572930973Z INFO:     172.19.0.4:57270 - "POST /api/rtsp/heartbeat HTTP/1.1" 200 OK
gatebox-1      | 2026-02-08T10:22:12.308732556Z INFO:     192.168.2.109:51433 - "GET /api/v1/health HTTP/1.1" 200 OK
updater-1      | 2026-02-08T10:22:12.310504962Z 172.19.0.2 - - [08/Feb/2026 10:22:12] "GET /status HTTP/1.1" 200 -
gatebox-1      | 2026-02-08T10:22:12.312632138Z INFO:     192.168.2.109:54888 - "GET /api/v1/update/status HTTP/1.1" 200 OK
gatebox-1      | 2026-02-08T10:22:12.499823662Z INFO:     192.168.2.109:54888 - "GET / HTTP/1.1" 200 OK
gatebox-1      | 2026-02-08T10:22:12.525120400Z INFO:     192.168.2.109:51433 - "GET /assets/index-D7nwcyhV.css HTTP/1.1" 200 OK
gatebox-1      | 2026-02-08T10:22:12.525151954Z INFO:     192.168.2.109:54888 - "GET /assets/index-DVWBrrl8.js HTTP/1.1" 200 OK
gatebox-1      | 2026-02-08T10:22:12.554443649Z INFO:     192.168.2.109:54888 - "GET /api/v1/rtsp/frame.jpg?ts=1770546130874 HTTP/1.1" 200 OK
gatebox-1      | 2026-02-08T10:22:12.577544218Z INFO:     192.168.2.109:54888 - "GET /api/v1/events?limit=40 HTTP/1.1" 200 OK
gatebox-1      | 2026-02-08T10:22:12.577596844Z INFO:     192.168.2.109:51433 - "GET /api/v1/rtsp/status HTTP/1.1" 200 OK
gatebox-1      | 2026-02-08T10:22:12.581976627Z INFO:     192.168.2.109:52556 - "GET /api/v1/events/stream HTTP/1.1" 200 OK
gatebox-1      | 2026-02-08T10:22:12.583370364Z INFO:     192.168.2.109:51433 - "GET /api/v1/rtsp/frame.jpg?ts=1770546130899 HTTP/1.1" 200 OK
gatebox-1      | 2026-02-08T10:22:12.589797657Z INFO:     192.168.2.109:54888 - "GET /vite.svg HTTP/1.1" 200 OK
gatebox-1      | 2026-02-08T10:22:12.859973906Z INFO:     172.19.0.4:49678 - "POST /api/rtsp/heartbeat HTTP/1.1" 200 OK
rtsp_worker-1  | 2026-02-08T10:22:12.860901597Z [rtsp_worker] alive: frame=2560x1440 roi=(0, 0, 2560, 1440) det=0 best=- track=0 track_new=0 sent=0 seen=- sent_plate=- grab_age_ms=48.3
gatebox-1      | 2026-02-08T10:22:13.580600842Z INFO:     192.168.2.109:51433 - "GET /api/v1/rtsp/status HTTP/1.1" 200 OK
gatebox-1      | 2026-02-08T10:22:13.581603759Z INFO:     192.168.2.109:54888 - "GET /api/v1/rtsp/frame.jpg?ts=1770546131903 HTTP/1.1" 200 OK
gatebox-1      | 2026-02-08T10:22:13.822946009Z INFO:     192.168.2.109:54888 - "GET /api/v1/health HTTP/1.1" 200 OK
gatebox-1      | 2026-02-08T10:22:14.059345236Z INFO:     127.0.0.1:50934 - "GET /api/v1/health HTTP/1.1" 200 OK
gatebox-1      | 2026-02-08T10:22:14.222754415Z INFO:     172.19.0.4:49686 - "POST /api/rtsp/heartbeat HTTP/1.1" 200 OK
updater-1      | 2026-02-08T10:22:15.076114919Z 172.19.0.2 - - [08/Feb/2026 10:22:15] "GET /metrics HTTP/1.1" 200 -
updater-1      | 2026-02-08T10:22:15.078391722Z 172.19.0.2 - - [08/Feb/2026 10:22:15] "GET /status HTTP/1.1" 200 -
gatebox-1      | 2026-02-08T10:22:15.080780892Z INFO:     192.168.2.109:61006 - "GET /api/v1/update/status HTTP/1.1" 200 OK
gatebox-1      | 2026-02-08T10:22:15.497251795Z INFO:     172.19.0.4:49696 - "POST /api/rtsp/heartbeat HTTP/1.1" 200 OK
gatebox-1      | 2026-02-08T10:22:16.776933834Z INFO:     172.19.0.4:49712 - "POST /api/rtsp/heartbeat HTTP/1.1" 200 OK
updater-1      | 2026-02-08T10:22:17.102385965Z 172.19.0.2 - - [08/Feb/2026 10:22:17] "GET /metrics HTTP/1.1" 200 -
gatebox-1      | 2026-02-08T10:22:17.104646460Z INFO:     192.168.2.109:51433 - "GET /api/v1/system/metrics HTTP/1.1" 200 OK
updater-1      | 2026-02-08T10:22:17.111951359Z 172.19.0.2 - - [08/Feb/2026 10:22:17] "GET /log HTTP/1.1" 200 -
gatebox-1      | 2026-02-08T10:22:17.113755406Z INFO:     192.168.2.109:51433 - "GET /api/v1/update/log HTTP/1.1" 200 OK
gatebox-1      | 2026-02-08T10:22:18.029216122Z INFO:     172.19.0.4:49718 - "POST /api/rtsp/heartbeat HTTP/1.1" 200 OK
rtsp_worker-1  | 2026-02-08T10:22:18.030449093Z [rtsp_worker] alive: frame=2560x1440 roi=(0, 0, 2560, 1440) det=0 best=- track=0 track_new=0 sent=0 seen=- sent_plate=- grab_age_ms=249.0
gatebox-1      | 2026-02-08T10:22:18.822235569Z INFO:     192.168.2.109:51433 - "GET /api/v1/health HTTP/1.1" 200 OK
updater-1      | 2026-02-08T10:22:18.824715715Z 172.19.0.2 - - [08/Feb/2026 10:22:18] "GET /status HTTP/1.1" 200 -
gatebox-1      | 2026-02-08T10:22:18.825525595Z INFO:     192.168.2.109:54888 - "GET /api/v1/update/status HTTP/1.1" 200 OK
gatebox-1      | 2026-02-08T10:22:19.294842192Z INFO:     172.19.0.4:49722 - "POST /api/rtsp/heartbeat HTTP/1.1" 200 OK
gatebox-1      | 2026-02-08T10:22:20.582588139Z INFO:     172.19.0.4:49736 - "POST /api/rtsp/heartbeat HTTP/1.1" 200 OK
updater-1      | 2026-02-08T10:22:21.587141848Z 172.19.0.2 - - [08/Feb/2026 10:22:21] "GET /metrics HTTP/1.1" 200 -
gatebox-1      | 2026-02-08T10:22:21.589251925Z INFO:     192.168.2.109:61006 - "GET /api/v1/system/metrics HTTP/1.1" 200 OK
updater-1      | 2026-02-08T10:22:21.595415525Z 172.19.0.2 - - [08/Feb/2026 10:22:21] "GET /log HTTP/1.1" 200 -
gatebox-1      | 2026-02-08T10:22:21.596773336Z INFO:     192.168.2.109:61006 - "GET /api/v1/update/log HTTP/1.1" 200 OK
gatebox-1      | 2026-02-08T10:22:21.836438558Z INFO:     172.19.0.4:49738 - "POST /api/rtsp/heartbeat HTTP/1.1" 200 OK
gatebox-1      | 2026-02-08T10:22:23.122140372Z INFO:     172.19.0.4:48892 - "POST /api/rtsp/heartbeat HTTP/1.1" 200 OK
rtsp_worker-1  | 2026-02-08T10:22:23.123078422Z [rtsp_worker] alive: frame=2560x1440 roi=(0, 0, 2560, 1440) det=0 best=- track=0 track_new=0 sent=0 seen=- sent_plate=- grab_age_ms=51.6
gatebox-1      | 2026-02-08T10:22:23.819536275Z INFO:     192.168.2.109:61006 - "GET /api/v1/health HTTP/1.1" 200 OK
^C
root@ubuntu:~/lpr_gatebox#
